LeafDistribution	rowIndex	rowCount	pieceIndex	NullIndex	PredictorVariable	TargetVariable	TT	TF	FT	FF	GlobalNonMissingCount	lambda_Null	pi_Null	Loglikelihood_Null	selection_pressure_Alt	lambda_Alt	pi_Alt	Loglikelihood_Alt	diff	PValue
DiscreteConditionalEscape	1	11	2	0	AnHla	AnAA@APos	99	248	75	243	665	3.8821515748815	0.281701082425446	-356.030583326014	0	3.8821515748815	0.281701082425446	-356.030583326014	0	1
