Method	AminoAcidLength	numComponents	coverage	Vaccine
Greedy	9	1	0.125753012048193	LNKIVRMYS
Greedy	10	1	0.251506024096386	LNKIVRMYSP
Greedy	17	1	0.376506024096386	PQDLNTMLNKIVRMYSP
Greedy	18	1	0.500753012048193	TPQDLNTMLNKIVRMYSP
Greedy	19	1	0.625	ATPQDLNTMLNKIVRMYSP
Greedy	20	1	0.75	GATPQDLNTMLNKIVRMYSP
Greedy	21	1	0.875	EGATPQDLNTMLNKIVRMYSP
Greedy	30	2	1	EGATPQDLNTMLNKIVRMYSP,QDLNTMLNT
