selection	NullIndex	peptide	hla	score1	score2	diff	PValue	knownHlas	bestHlaSetSoFar	leakProbability	linkProbability
ForwardSelection	-1	AAAAAAAAA	C09	-28.9172954650885	-33.0432547818036	4.1259593167151	0.00407090182118528			0.208312105275012	0.999999437133782
ForwardSelection	-1	AAAAAAAAA	C08	-25.3865339077494	-28.9172954650885	3.53076155733909	0.00787570508313259		C09	0.100000691804134	0.722252843784279
ForwardSelection	-1	AAAAAAAAA	C01	-22.8025240407978	-25.3865339077494	2.58400986695154	0.02300645211872		C09,C08	0.0526216597006562	0.999999437133782
ForwardSelection	-1	AAAAAAAAA	B02	-20.2711790932303	-22.8025240407978	2.5313449475675	0.0244463158700664		C09,C08,C01	5.6286621783645E-07	0.500000000000569
ForwardSelection	0	AAAAAAAAA	C05	-27.2623832092041	-33.0432547818036	5.78087157259948	0.00067322988085292			0.173878046134815	0.999999437133782
ForwardSelection	1	AAAAAAAAA	C08	-30.9273589033871	-33.0432547818036	2.11589587841643	0.0396736617695355			0.217447322645131	0.680481200033287
ForwardSelection	2	AAAAAAAAA	A01	-30.2429565642317	-33.0432547818036	2.80029821757185	0.0179544057010026			0.124994654451125	0.480484015274094
ForwardSelection	2	AAAAAAAAA	C07	-28.2810228673381	-30.2429565642317	1.96193369689361	0.0476053408411279		A01	5.6286621783645E-07	0.289270753153989
ForwardSelection	3	AAAAAAAAA	C08	-30.9273589033871	-33.0432547818036	2.11589587841643	0.0396736617695355			0.217447322645131	0.680481200033287
ForwardSelection	4	AAAAAAAAA	C05	-30.9273589033871	-33.0432547818036	2.11589587841643	0.0396736617695355			0.217447322645131	0.680481200033287
ForwardSelection	4	AAAAAAAAA	C04	-28.53181917091	-30.9273589033871	2.3955397324771	0.0286075441180274		C05	0.0704127237124848	0.413205540911816
ForwardSelection	4	AAAAAAAAA	C10	-26.3013720953536	-28.53181917091	2.23044707555648	0.0346793855776751		C05,C04	5.6286621783645E-07	0.500000000000569
ForwardSelection	8	AAAAAAAAA	B01	-26.5274015461366	-29.4384286237634	2.91102707762678	0.0158264546824586			5.6286621783645E-07	0.375048000541446
