InputPeptide	HLA	PosteriorProbability	WeightOfEvidence	BestNFlank	BestEpitope	BestCFlank	EpitopeLength	FlankingLength	EpitiopeStartPosition	EpitopeLastPosition	Source	Extra1	Extra2
AAAAAIFVI	B51	1	Infinity		AAAAAIFVI		9	0	1	9	(IEDB, B51)	e1	e2
AAAAAIFVV	B51	0.0115992085670033	-2.247926828697		AAAAAIFVV		9	0	1	9		e1	e2
MGGKWSKRSVVGWPAVRERMRRAEPAADGVGAVSRDLEKHGAITSSNTAATNADCAWLEAQEEEEVGFPVRPQVPLRPMTYKGALDLSHFLKEKGGLEGLIYSQKRQDILDLWVYHTQGYFPDWQNYTPGPGIRYPLTFGWCFKLVPVEPEQVEEANEGENNSLLHPMSLHGMDDPEKEVLMWKFDSRLAFHHMARELHPEYYKDC	A6801	0.705561580129718	3.07114875		QVPLRPMTYK		10	0	73	82		
MQRGNFRNQRKTVKCFNCGKEGHIARNCRAPRKKGCWKCGKEGHQMKDCTERQAN	C06	0.219506873289823	0.928682189102736		FNCGKEGHI		9	0	16	24		
AAAAAAAATLETMMTAAAAAA	A01	0.0144223830656507	-2.02722192575069		AAATLETMM		9	0	6	14		e1	e2
